// Jest Snapshot v1, https://goo.gl/fbAQLP

exports[`should pick all $ref value and put them back should pick all $ref value and put them back from swagger 1`] = `
Object {
  "ApiResponse": Object {
    "properties": Object {
      "code": Object {
        "format": "int32",
        "type": "integer",
      },
      "message": Object {
        "type": "string",
      },
      "type": Object {
        "type": "string",
      },
    },
    "type": "object",
  },
  "Category": Object {
    "properties": Object {
      "id": Object {
        "example": 222,
        "format": "int64",
        "type": "integer",
      },
      "name": Object {
        "example": "Jay",
        "type": "string",
      },
    },
    "type": "object",
    "xml": Object {
      "name": "Category",
    },
  },
  "Order": Object {
    "properties": Object {
      "complete": Object {
        "default": false,
        "type": "boolean",
      },
      "id": Object {
        "format": "int64",
        "type": "integer",
      },
      "petId": Object {
        "format": "int64",
        "type": "integer",
      },
      "quantity": Object {
        "format": "int32",
        "type": "integer",
      },
      "shipDate": Object {
        "format": "date-time",
        "type": "string",
      },
      "status": Object {
        "description": "Order Status",
        "enum": Array [
          "placed",
          "approved",
          "delivered",
        ],
        "type": "string",
      },
    },
    "type": "object",
    "xml": Object {
      "name": "Order",
    },
  },
  "Pet": Object {
    "properties": Object {
      "category": Object {
        "properties": Object {
          "id": Object {
            "example": 222,
            "format": "int64",
            "type": "integer",
          },
          "name": Object {
            "example": "Jay",
            "type": "string",
          },
        },
        "type": "object",
        "xml": Object {
          "name": "Category",
        },
      },
      "id": Object {
        "example": 111,
        "format": "int64",
        "type": "integer",
      },
      "name": Object {
        "example": "doggie",
        "type": "string",
      },
      "photoUrls": Object {
        "example": Array [
          "a.png",
          "b.png",
        ],
        "items": Object {
          "type": "string",
        },
        "type": "array",
        "xml": Object {
          "name": "photoUrl",
          "wrapped": true,
        },
      },
      "status": Object {
        "description": "pet status in the store",
        "enum": Array [
          "available",
        ],
        "type": "string",
      },
      "tags": Object {
        "example": Array [
          Object {
            "id": 111,
            "name": "Lucy",
          },
        ],
        "items": Object {
          "properties": Object {
            "id": Object {
              "format": "int64",
              "type": "integer",
            },
            "name": Object {
              "type": "string",
            },
          },
          "type": "object",
          "xml": Object {
            "name": "Tag",
          },
        },
        "type": "array",
        "xml": Object {
          "name": "tag",
          "wrapped": true,
        },
      },
    },
    "required": Array [
      "name",
      "photoUrls",
    ],
    "type": "object",
    "xml": Object {
      "name": "Pet",
    },
  },
  "Tag": Object {
    "properties": Object {
      "id": Object {
        "format": "int64",
        "type": "integer",
      },
      "name": Object {
        "type": "string",
      },
    },
    "type": "object",
    "xml": Object {
      "name": "Tag",
    },
  },
  "User": Object {
    "properties": Object {
      "email": Object {
        "type": "string",
      },
      "firstName": Object {
        "type": "string",
      },
      "id": Object {
        "format": "int64",
        "type": "integer",
      },
      "lastName": Object {
        "type": "string",
      },
      "password": Object {
        "type": "string",
      },
      "phone": Object {
        "type": "string",
      },
      "userStatus": Object {
        "description": "User Status",
        "format": "int32",
        "type": "integer",
      },
      "username": Object {
        "type": "string",
      },
    },
    "type": "object",
    "xml": Object {
      "name": "User",
    },
  },
}
`;
